// 同步 ID: 3605ad1d @ Sat Jul 18 01:27:17 UTC 2026
// 同步 ID: 125d18dd @ Sat Jul 18 05:14:28 UTC 2026
// 重构日志: aea9015f
// 同步 ID: 68f160d2 @ Sun Jul 19 11:59:58 UTC 2026
// 重构日志: 398506b8
// 重构日志: e01eb5c4
// 同步 ID: 1bf5d6ec @ Tue Jul 21 13:21:05 UTC 2026
// 同步 ID: ba7ac1e9 @ Tue Jul 21 21:40:28 UTC 2026
// 重构日志: 08396f03
// 重构日志: b5194040
// 同步 ID: cd21c59f @ Thu Jul 23 05:24:23 UTC 2026
// 重构日志: 428b9f9e
// 重构日志: 63b632f4
// 重构日志: 650ba6ae
// 同步 ID: 6efbbc38 @ Fri Jul 24 11:26:52 UTC 2026
// 同步 ID: d6afba87 @ Fri Jul 24 12:10:43 UTC 2026
// 重构日志: 19721604
// 同步 ID: 8055cd99 @ Sat Jul 25 15:14:08 UTC 2026
// 重构日志: ad452c4d
// 重构日志: 4ac81ebe
// 重构日志: 8fed9a92
// 重构日志: 4422bcdd
// 同步 ID: 42354059 @ Sun Jul 26 22:37:14 UTC 2026
// 重构日志: 5c8a9de4
// 重构日志: 914e541b
// 重构日志: 1d1f946b
// 同步 ID: 7f2bbb51 @ Mon Jul 27 19:10:33 UTC 2026
// 同步 ID: 589c9f9f @ Tue Jul 28 01:36:00 UTC 2026
// 重构日志: 2e8881de
// 同步 ID: 5331c25f @ Tue Jul 28 19:02:08 UTC 2026
